// Jest Snapshot v1, https://goo.gl/fbAQLP

exports[`Blank snapshot 1`] = `
<div
  className="css-1tgf6q4"
>
  lorem ipsum
</div>
`;
